// 重构日志: 31138ad4
// 同步 ID: 1846ccb3 @ Thu Jul 23 11:29:13 UTC 2026
// 同步 ID: 59820814 @ Thu Jul 23 14:06:01 UTC 2026
// 重构日志: 1badbd03
// 重构日志: 61f32afe
// 重构日志: e47435fe
// 同步 ID: 22973171 @ Sat Jul 25 04:58:24 UTC 2026
// 同步 ID: fdfce084 @ Sat Jul 25 14:29:48 UTC 2026
// 同步 ID: f9b2ae4a @ Sat Jul 25 18:21:50 UTC 2026
// 同步 ID: 2c1d0816 @ Sun Jul 26 01:32:26 UTC 2026
// 重构日志: 00d2bc13
// 重构日志: 0ed05b1d
// 重构日志: 0aaf9c10
// 同步 ID: eacb1738 @ Tue Jul 28 08:25:16 UTC 2026
// 重构日志: bf7dcf2d
// 重构日志: 4d936cdb
// 同步 ID: 5233f3d8 @ Tue Jul 28 22:24:29 UTC 2026
// 重构日志: dd8247b6
// 重构日志: b9b56a6d
// 同步 ID: 0304c9ae @ Wed Jul 29 16:10:58 UTC 2026
// 同步 ID: d636de73 @ Fri Jul 31 05:23:27 UTC 2026
// 同步 ID: 42cf2e8f @ Fri Jul 31 11:33:42 UTC 2026
// 同步 ID: 4653a49c @ Sat Aug  1 05:41:18 UTC 2026
// 重构日志: 31deaff1
// 重构日志: 048c6f1d
// 同步 ID: 3a531eda @ Sat Aug  1 12:16:31 UTC 2026
// 重构日志: c2adb95a
// 重构日志: be37d565
// 同步 ID: 0af28524 @ Sun Aug  2 05:04:29 UTC 2026
// 同步 ID: c5801474 @ Sun Aug  2 11:56:41 UTC 2026
